---
source: rholang-parser/tests/golden.rs
expression: result
---
Good(
    [
        AnnProc {
            proc: New {
                decls: [
                    NameDecl {
                        id: Id {
                            name: "fs",
                            pos: SourcePos {
                                line: 3,
                                col: 5,
                            },
                        },
                        uri: None,
                    },
                    NameDecl {
                        id: Id {
                            name: "log",
                            pos: SourcePos {
                                line: 3,
                                col: 9,
                            },
                        },
                        uri: None,
                    },
                ],
                proc: AnnProc {
                    proc: ForComprehension {
                        receipts: [
                            Receipt {
                                binds: [
                                    Linear {
                                        lhs: Names {
                                            names: [
                                                Quote(
                                                    AnnProc {
                                                        proc: Collection(
                                                            List {
                                                                elements: [
                                                                    AnnProc {
                                                                        proc: ProcVar(
                                                                            Id(
                                                                                Id {
                                                                                    name: "__ok",
                                                                                    pos: SourcePos {
                                                                                        line: 4,
                                                                                        col: 10,
                                                                                    },
                                                                                },
                                                                            ),
                                                                        ),
                                                                        span: SourceSpan {
                                                                            start: SourcePos {
                                                                                line: 4,
                                                                                col: 10,
                                                                            },
                                                                            end: SourcePos {
                                                                                line: 4,
                                                                                col: 14,
                                                                            },
                                                                        },
                                                                    },
                                                                ],
                                                                remainder: Some(
                                                                    Id(
                                                                        Id {
                                                                            name: "__rest",
                                                                            pos: SourcePos {
                                                                                line: 4,
                                                                                col: 19,
                                                                            },
                                                                        },
                                                                    ),
                                                                ),
                                                            },
                                                        ),
                                                        span: SourceSpan {
                                                            start: SourcePos {
                                                                line: 4,
                                                                col: 9,
                                                            },
                                                            end: SourcePos {
                                                                line: 4,
                                                                col: 26,
                                                            },
                                                        },
                                                    },
                                                ),
                                            ],
                                            remainder: None,
                                        },
                                        rhs: SendReceive {
                                            name: NameVar(
                                                Id(
                                                    Id {
                                                        name: "fs",
                                                        pos: SourcePos {
                                                            line: 4,
                                                            col: 30,
                                                        },
                                                    },
                                                ),
                                            ),
                                            inputs: [
                                                AnnProc {
                                                    proc: StringLiteral(
                                                        "openFile",
                                                    ),
                                                    span: SourceSpan {
                                                        start: SourcePos {
                                                            line: 4,
                                                            col: 35,
                                                        },
                                                        end: SourcePos {
                                                            line: 4,
                                                            col: 45,
                                                        },
                                                    },
                                                },
                                                AnnProc {
                                                    proc: StringLiteral(
                                                        "path.txt",
                                                    ),
                                                    span: SourceSpan {
                                                        start: SourcePos {
                                                            line: 4,
                                                            col: 47,
                                                        },
                                                        end: SourcePos {
                                                            line: 4,
                                                            col: 57,
                                                        },
                                                    },
                                                },
                                            ],
                                        },
                                    },
                                ],
                                guard: None,
                            },
                        ],
                        proc: AnnProc {
                            proc: IfThenElse {
                                condition: AnnProc {
                                    proc: ProcVar(
                                        Id(
                                            Id {
                                                name: "__ok",
                                                pos: SourcePos {
                                                    line: 5,
                                                    col: 9,
                                                },
                                            },
                                        ),
                                    ),
                                    span: SourceSpan {
                                        start: SourcePos {
                                            line: 5,
                                            col: 9,
                                        },
                                        end: SourcePos {
                                            line: 5,
                                            col: 13,
                                        },
                                    },
                                },
                                if_true: AnnProc {
                                    proc: Let {
                                        bindings: [
                                            LetBinding {
                                                lhs: Names {
                                                    names: [
                                                        Quote(
                                                            AnnProc {
                                                                proc: Collection(
                                                                    List {
                                                                        elements: [
                                                                            AnnProc {
                                                                                proc: ProcVar(
                                                                                    Id(
                                                                                        Id {
                                                                                            name: "file",
                                                                                            pos: SourcePos {
                                                                                                line: 6,
                                                                                                col: 13,
                                                                                            },
                                                                                        },
                                                                                    ),
                                                                                ),
                                                                                span: SourceSpan {
                                                                                    start: SourcePos {
                                                                                        line: 6,
                                                                                        col: 13,
                                                                                    },
                                                                                    end: SourcePos {
                                                                                        line: 6,
                                                                                        col: 17,
                                                                                    },
                                                                                },
                                                                            },
                                                                        ],
                                                                        remainder: None,
                                                                    },
                                                                ),
                                                                span: SourceSpan {
                                                                    start: SourcePos {
                                                                        line: 6,
                                                                        col: 12,
                                                                    },
                                                                    end: SourcePos {
                                                                        line: 6,
                                                                        col: 18,
                                                                    },
                                                                },
                                                            },
                                                        ),
                                                    ],
                                                    remainder: None,
                                                },
                                                rhs: [
                                                    AnnProc {
                                                        proc: ProcVar(
                                                            Id(
                                                                Id {
                                                                    name: "__rest",
                                                                    pos: SourcePos {
                                                                        line: 6,
                                                                        col: 22,
                                                                    },
                                                                },
                                                            ),
                                                        ),
                                                        span: SourceSpan {
                                                            start: SourcePos {
                                                                line: 6,
                                                                col: 22,
                                                            },
                                                            end: SourcePos {
                                                                line: 6,
                                                                col: 28,
                                                            },
                                                        },
                                                    },
                                                ],
                                            },
                                        ],
                                        body: AnnProc {
                                            proc: Send {
                                                channel: NameVar(
                                                    Id(
                                                        Id {
                                                            name: "log",
                                                            pos: SourcePos {
                                                                line: 7,
                                                                col: 9,
                                                            },
                                                        },
                                                    ),
                                                ),
                                                send_type: Single,
                                                inputs: [
                                                    AnnProc {
                                                        proc: StringLiteral(
                                                            "opened",
                                                        ),
                                                        span: SourceSpan {
                                                            start: SourcePos {
                                                                line: 7,
                                                                col: 14,
                                                            },
                                                            end: SourcePos {
                                                                line: 7,
                                                                col: 22,
                                                            },
                                                        },
                                                    },
                                                    AnnProc {
                                                        proc: ProcVar(
                                                            Id(
                                                                Id {
                                                                    name: "file",
                                                                    pos: SourcePos {
                                                                        line: 7,
                                                                        col: 24,
                                                                    },
                                                                },
                                                            ),
                                                        ),
                                                        span: SourceSpan {
                                                            start: SourcePos {
                                                                line: 7,
                                                                col: 24,
                                                            },
                                                            end: SourcePos {
                                                                line: 7,
                                                                col: 28,
                                                            },
                                                        },
                                                    },
                                                ],
                                            },
                                            span: SourceSpan {
                                                start: SourcePos {
                                                    line: 7,
                                                    col: 9,
                                                },
                                                end: SourcePos {
                                                    line: 7,
                                                    col: 29,
                                                },
                                            },
                                        },
                                        concurrent: false,
                                    },
                                    span: SourceSpan {
                                        start: SourcePos {
                                            line: 6,
                                            col: 7,
                                        },
                                        end: SourcePos {
                                            line: 8,
                                            col: 8,
                                        },
                                    },
                                },
                                if_false: Some(
                                    AnnProc {
                                        proc: Let {
                                            bindings: [
                                                LetBinding {
                                                    lhs: Names {
                                                        names: [
                                                            Quote(
                                                                AnnProc {
                                                                    proc: Collection(
                                                                        List {
                                                                            elements: [
                                                                                AnnProc {
                                                                                    proc: ProcVar(
                                                                                        Id(
                                                                                            Id {
                                                                                                name: "code",
                                                                                                pos: SourcePos {
                                                                                                    line: 10,
                                                                                                    col: 13,
                                                                                                },
                                                                                            },
                                                                                        ),
                                                                                    ),
                                                                                    span: SourceSpan {
                                                                                        start: SourcePos {
                                                                                            line: 10,
                                                                                            col: 13,
                                                                                        },
                                                                                        end: SourcePos {
                                                                                            line: 10,
                                                                                            col: 17,
                                                                                        },
                                                                                    },
                                                                                },
                                                                                AnnProc {
                                                                                    proc: ProcVar(
                                                                                        Id(
                                                                                            Id {
                                                                                                name: "msg",
                                                                                                pos: SourcePos {
                                                                                                    line: 10,
                                                                                                    col: 19,
                                                                                                },
                                                                                            },
                                                                                        ),
                                                                                    ),
                                                                                    span: SourceSpan {
                                                                                        start: SourcePos {
                                                                                            line: 10,
                                                                                            col: 19,
                                                                                        },
                                                                                        end: SourcePos {
                                                                                            line: 10,
                                                                                            col: 22,
                                                                                        },
                                                                                    },
                                                                                },
                                                                            ],
                                                                            remainder: None,
                                                                        },
                                                                    ),
                                                                    span: SourceSpan {
                                                                        start: SourcePos {
                                                                            line: 10,
                                                                            col: 12,
                                                                        },
                                                                        end: SourcePos {
                                                                            line: 10,
                                                                            col: 23,
                                                                        },
                                                                    },
                                                                },
                                                            ),
                                                        ],
                                                        remainder: None,
                                                    },
                                                    rhs: [
                                                        AnnProc {
                                                            proc: ProcVar(
                                                                Id(
                                                                    Id {
                                                                        name: "__rest",
                                                                        pos: SourcePos {
                                                                            line: 10,
                                                                            col: 27,
                                                                        },
                                                                    },
                                                                ),
                                                            ),
                                                            span: SourceSpan {
                                                                start: SourcePos {
                                                                    line: 10,
                                                                    col: 27,
                                                                },
                                                                end: SourcePos {
                                                                    line: 10,
                                                                    col: 33,
                                                                },
                                                            },
                                                        },
                                                    ],
                                                },
                                            ],
                                            body: AnnProc {
                                                proc: Send {
                                                    channel: NameVar(
                                                        Id(
                                                            Id {
                                                                name: "log",
                                                                pos: SourcePos {
                                                                    line: 11,
                                                                    col: 9,
                                                                },
                                                            },
                                                        ),
                                                    ),
                                                    send_type: Single,
                                                    inputs: [
                                                        AnnProc {
                                                            proc: StringLiteral(
                                                                "error",
                                                            ),
                                                            span: SourceSpan {
                                                                start: SourcePos {
                                                                    line: 11,
                                                                    col: 14,
                                                                },
                                                                end: SourcePos {
                                                                    line: 11,
                                                                    col: 21,
                                                                },
                                                            },
                                                        },
                                                        AnnProc {
                                                            proc: ProcVar(
                                                                Id(
                                                                    Id {
                                                                        name: "code",
                                                                        pos: SourcePos {
                                                                            line: 11,
                                                                            col: 23,
                                                                        },
                                                                    },
                                                                ),
                                                            ),
                                                            span: SourceSpan {
                                                                start: SourcePos {
                                                                    line: 11,
                                                                    col: 23,
                                                                },
                                                                end: SourcePos {
                                                                    line: 11,
                                                                    col: 27,
                                                                },
                                                            },
                                                        },
                                                        AnnProc {
                                                            proc: ProcVar(
                                                                Id(
                                                                    Id {
                                                                        name: "msg",
                                                                        pos: SourcePos {
                                                                            line: 11,
                                                                            col: 29,
                                                                        },
                                                                    },
                                                                ),
                                                            ),
                                                            span: SourceSpan {
                                                                start: SourcePos {
                                                                    line: 11,
                                                                    col: 29,
                                                                },
                                                                end: SourcePos {
                                                                    line: 11,
                                                                    col: 32,
                                                                },
                                                            },
                                                        },
                                                    ],
                                                },
                                                span: SourceSpan {
                                                    start: SourcePos {
                                                        line: 11,
                                                        col: 9,
                                                    },
                                                    end: SourcePos {
                                                        line: 11,
                                                        col: 33,
                                                    },
                                                },
                                            },
                                            concurrent: false,
                                        },
                                        span: SourceSpan {
                                            start: SourcePos {
                                                line: 10,
                                                col: 7,
                                            },
                                            end: SourcePos {
                                                line: 12,
                                                col: 8,
                                            },
                                        },
                                    },
                                ),
                            },
                            span: SourceSpan {
                                start: SourcePos {
                                    line: 5,
                                    col: 5,
                                },
                                end: SourcePos {
                                    line: 13,
                                    col: 6,
                                },
                            },
                        },
                    },
                    span: SourceSpan {
                        start: SourcePos {
                            line: 4,
                            col: 3,
                        },
                        end: SourcePos {
                            line: 14,
                            col: 4,
                        },
                    },
                },
            },
            span: SourceSpan {
                start: SourcePos {
                    line: 3,
                    col: 1,
                },
                end: SourcePos {
                    line: 15,
                    col: 2,
                },
            },
        },
    ],
)
