---
source: rholang-parser/tests/golden.rs
expression: result
---
Fail(
    [
        ParsingFailure {
            partial_tree: Some(
                AnnProc {
                    proc: New {
                        decls: [
                            NameDecl {
                                id: Id {
                                    name: "stdout",
                                    pos: SourcePos {
                                        line: 1,
                                        col: 5,
                                    },
                                },
                                uri: Some(
                                    Uri(
                                        "rho:io:stdout",
                                    ),
                                ),
                            },
                            NameDecl {
                                id: Id {
                                    name: "registry",
                                    pos: SourcePos {
                                        line: 2,
                                        col: 5,
                                    },
                                },
                                uri: Some(
                                    Uri(
                                        "rho:registry:lookup",
                                    ),
                                ),
                            },
                            NameDecl {
                                id: Id {
                                    name: "registryInsert",
                                    pos: SourcePos {
                                        line: 3,
                                        col: 5,
                                    },
                                },
                                uri: Some(
                                    Uri(
                                        "rho:registry:insert",
                                    ),
                                ),
                            },
                            NameDecl {
                                id: Id {
                                    name: "Treasury",
                                    pos: SourcePos {
                                        line: 4,
                                        col: 5,
                                    },
                                },
                                uri: None,
                            },
                        ],
                        proc: AnnProc {
                            proc: Par {
                                left: AnnProc {
                                    proc: Par {
                                        left: AnnProc {
                                            proc: Par {
                                                left: AnnProc {
                                                    proc: Par {
                                                        left: AnnProc {
                                                            proc: Par {
                                                                left: AnnProc {
                                                                    proc: Par {
                                                                        left: AnnProc {
                                                                            proc: Agent {
                                                                                name: Id {
                                                                                    name: "Treasury",
                                                                                    pos: SourcePos {
                                                                                        line: 6,
                                                                                        col: 9,
                                                                                    },
                                                                                },
                                                                                constructor_formals: Names {
                                                                                    names: [],
                                                                                    remainder: None,
                                                                                },
                                                                                constructor_body: AnnProc {
                                                                                    proc: New {
                                                                                        decls: [
                                                                                            NameDecl {
                                                                                                id: Id {
                                                                                                    name: "boardMembers",
                                                                                                    pos: SourcePos {
                                                                                                        line: 8,
                                                                                                        col: 11,
                                                                                                    },
                                                                                                },
                                                                                                uri: None,
                                                                                            },
                                                                                            NameDecl {
                                                                                                id: Id {
                                                                                                    name: "proposals",
                                                                                                    pos: SourcePos {
                                                                                                        line: 8,
                                                                                                        col: 25,
                                                                                                    },
                                                                                                },
                                                                                                uri: None,
                                                                                            },
                                                                                            NameDecl {
                                                                                                id: Id {
                                                                                                    name: "treasuryBalance",
                                                                                                    pos: SourcePos {
                                                                                                        line: 8,
                                                                                                        col: 36,
                                                                                                    },
                                                                                                },
                                                                                                uri: None,
                                                                                            },
                                                                                        ],
                                                                                        proc: AnnProc {
                                                                                            proc: Par {
                                                                                                left: AnnProc {
                                                                                                    proc: Par {
                                                                                                        left: AnnProc {
                                                                                                            proc: Send {
                                                                                                                channel: NameVar(
                                                                                                                    Id(
                                                                                                                        Id {
                                                                                                                            name: "treasuryBalance",
                                                                                                                            pos: SourcePos {
                                                                                                                                line: 10,
                                                                                                                                col: 9,
                                                                                                                            },
                                                                                                                        },
                                                                                                                    ),
                                                                                                                ),
                                                                                                                send_type: Single,
                                                                                                                inputs: [
                                                                                                                    AnnProc {
                                                                                                                        proc: LongLiteral(
                                                                                                                            1000,
                                                                                                                        ),
                                                                                                                        span: SourceSpan {
                                                                                                                            start: SourcePos {
                                                                                                                                line: 10,
                                                                                                                                col: 26,
                                                                                                                            },
                                                                                                                            end: SourcePos {
                                                                                                                                line: 10,
                                                                                                                                col: 30,
                                                                                                                            },
                                                                                                                        },
                                                                                                                    },
                                                                                                                ],
                                                                                                            },
                                                                                                            span: SourceSpan {
                                                                                                                start: SourcePos {
                                                                                                                    line: 10,
                                                                                                                    col: 9,
                                                                                                                },
                                                                                                                end: SourcePos {
                                                                                                                    line: 10,
                                                                                                                    col: 31,
                                                                                                                },
                                                                                                            },
                                                                                                        },
                                                                                                        right: AnnProc {
                                                                                                            proc: Send {
                                                                                                                channel: NameVar(
                                                                                                                    Id(
                                                                                                                        Id {
                                                                                                                            name: "boardMembers",
                                                                                                                            pos: SourcePos {
                                                                                                                                line: 12,
                                                                                                                                col: 9,
                                                                                                                            },
                                                                                                                        },
                                                                                                                    ),
                                                                                                                ),
                                                                                                                send_type: Single,
                                                                                                                inputs: [
                                                                                                                    AnnProc {
                                                                                                                        proc: Collection(
                                                                                                                            Set {
                                                                                                                                elements: [
                                                                                                                                    AnnProc {
                                                                                                                                        proc: StringLiteral(
                                                                                                                                            "Alice",
                                                                                                                                        ),
                                                                                                                                        span: SourceSpan {
                                                                                                                                            start: SourcePos {
                                                                                                                                                line: 12,
                                                                                                                                                col: 27,
                                                                                                                                            },
                                                                                                                                            end: SourcePos {
                                                                                                                                                line: 12,
                                                                                                                                                col: 34,
                                                                                                                                            },
                                                                                                                                        },
                                                                                                                                    },
                                                                                                                                    AnnProc {
                                                                                                                                        proc: StringLiteral(
                                                                                                                                            "Bob",
                                                                                                                                        ),
                                                                                                                                        span: SourceSpan {
                                                                                                                                            start: SourcePos {
                                                                                                                                                line: 12,
                                                                                                                                                col: 36,
                                                                                                                                            },
                                                                                                                                            end: SourcePos {
                                                                                                                                                line: 12,
                                                                                                                                                col: 41,
                                                                                                                                            },
                                                                                                                                        },
                                                                                                                                    },
                                                                                                                                    AnnProc {
                                                                                                                                        proc: StringLiteral(
                                                                                                                                            "Charlie",
                                                                                                                                        ),
                                                                                                                                        span: SourceSpan {
                                                                                                                                            start: SourcePos {
                                                                                                                                                line: 12,
                                                                                                                                                col: 43,
                                                                                                                                            },
                                                                                                                                            end: SourcePos {
                                                                                                                                                line: 12,
                                                                                                                                                col: 52,
                                                                                                                                            },
                                                                                                                                        },
                                                                                                                                    },
                                                                                                                                ],
                                                                                                                                remainder: None,
                                                                                                                            },
                                                                                                                        ),
                                                                                                                        span: SourceSpan {
                                                                                                                            start: SourcePos {
                                                                                                                                line: 12,
                                                                                                                                col: 23,
                                                                                                                            },
                                                                                                                            end: SourcePos {
                                                                                                                                line: 12,
                                                                                                                                col: 53,
                                                                                                                            },
                                                                                                                        },
                                                                                                                    },
                                                                                                                ],
                                                                                                            },
                                                                                                            span: SourceSpan {
                                                                                                                start: SourcePos {
                                                                                                                    line: 12,
                                                                                                                    col: 9,
                                                                                                                },
                                                                                                                end: SourcePos {
                                                                                                                    line: 12,
                                                                                                                    col: 54,
                                                                                                                },
                                                                                                            },
                                                                                                        },
                                                                                                    },
                                                                                                    span: SourceSpan {
                                                                                                        start: SourcePos {
                                                                                                            line: 10,
                                                                                                            col: 9,
                                                                                                        },
                                                                                                        end: SourcePos {
                                                                                                            line: 12,
                                                                                                            col: 54,
                                                                                                        },
                                                                                                    },
                                                                                                },
                                                                                                right: AnnProc {
                                                                                                    proc: Send {
                                                                                                        channel: NameVar(
                                                                                                            Id(
                                                                                                                Id {
                                                                                                                    name: "proposals",
                                                                                                                    pos: SourcePos {
                                                                                                                        line: 14,
                                                                                                                        col: 9,
                                                                                                                    },
                                                                                                                },
                                                                                                            ),
                                                                                                        ),
                                                                                                        send_type: Single,
                                                                                                        inputs: [
                                                                                                            AnnProc {
                                                                                                                proc: Collection(
                                                                                                                    List {
                                                                                                                        elements: [],
                                                                                                                        remainder: None,
                                                                                                                    },
                                                                                                                ),
                                                                                                                span: SourceSpan {
                                                                                                                    start: SourcePos {
                                                                                                                        line: 14,
                                                                                                                        col: 20,
                                                                                                                    },
                                                                                                                    end: SourcePos {
                                                                                                                        line: 14,
                                                                                                                        col: 22,
                                                                                                                    },
                                                                                                                },
                                                                                                            },
                                                                                                        ],
                                                                                                    },
                                                                                                    span: SourceSpan {
                                                                                                        start: SourcePos {
                                                                                                            line: 14,
                                                                                                            col: 9,
                                                                                                        },
                                                                                                        end: SourcePos {
                                                                                                            line: 14,
                                                                                                            col: 23,
                                                                                                        },
                                                                                                    },
                                                                                                },
                                                                                            },
                                                                                            span: SourceSpan {
                                                                                                start: SourcePos {
                                                                                                    line: 10,
                                                                                                    col: 9,
                                                                                                },
                                                                                                end: SourcePos {
                                                                                                    line: 14,
                                                                                                    col: 23,
                                                                                                },
                                                                                            },
                                                                                        },
                                                                                    },
                                                                                    span: SourceSpan {
                                                                                        start: SourcePos {
                                                                                            line: 8,
                                                                                            col: 7,
                                                                                        },
                                                                                        end: SourcePos {
                                                                                            line: 15,
                                                                                            col: 8,
                                                                                        },
                                                                                    },
                                                                                },
                                                                                methods: [],
                                                                                default: None,
                                                                            },
                                                                            span: SourceSpan {
                                                                                start: SourcePos {
                                                                                    line: 6,
                                                                                    col: 3,
                                                                                },
                                                                                end: SourcePos {
                                                                                    line: 86,
                                                                                    col: 4,
                                                                                },
                                                                            },
                                                                        },
                                                                        right: AnnProc {
                                                                            proc: Send {
                                                                                channel: NameVar(
                                                                                    Id(
                                                                                        Id {
                                                                                            name: "Treasury",
                                                                                            pos: SourcePos {
                                                                                                line: 88,
                                                                                                col: 3,
                                                                                            },
                                                                                        },
                                                                                    ),
                                                                                ),
                                                                                send_type: Single,
                                                                                inputs: [],
                                                                            },
                                                                            span: SourceSpan {
                                                                                start: SourcePos {
                                                                                    line: 88,
                                                                                    col: 3,
                                                                                },
                                                                                end: SourcePos {
                                                                                    line: 88,
                                                                                    col: 26,
                                                                                },
                                                                            },
                                                                        },
                                                                    },
                                                                    span: SourceSpan {
                                                                        start: SourcePos {
                                                                            line: 6,
                                                                            col: 3,
                                                                        },
                                                                        end: SourcePos {
                                                                            line: 88,
                                                                            col: 26,
                                                                        },
                                                                    },
                                                                },
                                                                right: AnnProc {
                                                                    proc: Send {
                                                                        channel: NameVar(
                                                                            Id(
                                                                                Id {
                                                                                    name: "Treasury",
                                                                                    pos: SourcePos {
                                                                                        line: 89,
                                                                                        col: 3,
                                                                                    },
                                                                                },
                                                                            ),
                                                                        ),
                                                                        send_type: Single,
                                                                        inputs: [
                                                                            AnnProc {
                                                                                proc: Collection(
                                                                                    Set {
                                                                                        elements: [
                                                                                            AnnProc {
                                                                                                proc: StringLiteral(
                                                                                                    "Alice",
                                                                                                ),
                                                                                                span: SourceSpan {
                                                                                                    start: SourcePos {
                                                                                                        line: 89,
                                                                                                        col: 17,
                                                                                                    },
                                                                                                    end: SourcePos {
                                                                                                        line: 89,
                                                                                                        col: 24,
                                                                                                    },
                                                                                                },
                                                                                            },
                                                                                            AnnProc {
                                                                                                proc: StringLiteral(
                                                                                                    "Bob",
                                                                                                ),
                                                                                                span: SourceSpan {
                                                                                                    start: SourcePos {
                                                                                                        line: 89,
                                                                                                        col: 26,
                                                                                                    },
                                                                                                    end: SourcePos {
                                                                                                        line: 89,
                                                                                                        col: 31,
                                                                                                    },
                                                                                                },
                                                                                            },
                                                                                            AnnProc {
                                                                                                proc: StringLiteral(
                                                                                                    "Charlie",
                                                                                                ),
                                                                                                span: SourceSpan {
                                                                                                    start: SourcePos {
                                                                                                        line: 89,
                                                                                                        col: 33,
                                                                                                    },
                                                                                                    end: SourcePos {
                                                                                                        line: 89,
                                                                                                        col: 42,
                                                                                                    },
                                                                                                },
                                                                                            },
                                                                                        ],
                                                                                        remainder: None,
                                                                                    },
                                                                                ),
                                                                                span: SourceSpan {
                                                                                    start: SourcePos {
                                                                                        line: 89,
                                                                                        col: 13,
                                                                                    },
                                                                                    end: SourcePos {
                                                                                        line: 89,
                                                                                        col: 43,
                                                                                    },
                                                                                },
                                                                            },
                                                                            AnnProc {
                                                                                proc: Collection(
                                                                                    List {
                                                                                        elements: [],
                                                                                        remainder: None,
                                                                                    },
                                                                                ),
                                                                                span: SourceSpan {
                                                                                    start: SourcePos {
                                                                                        line: 89,
                                                                                        col: 45,
                                                                                    },
                                                                                    end: SourcePos {
                                                                                        line: 89,
                                                                                        col: 47,
                                                                                    },
                                                                                },
                                                                            },
                                                                            AnnProc {
                                                                                proc: LongLiteral(
                                                                                    1000,
                                                                                ),
                                                                                span: SourceSpan {
                                                                                    start: SourcePos {
                                                                                        line: 89,
                                                                                        col: 49,
                                                                                    },
                                                                                    end: SourcePos {
                                                                                        line: 89,
                                                                                        col: 53,
                                                                                    },
                                                                                },
                                                                            },
                                                                        ],
                                                                    },
                                                                    span: SourceSpan {
                                                                        start: SourcePos {
                                                                            line: 89,
                                                                            col: 3,
                                                                        },
                                                                        end: SourcePos {
                                                                            line: 89,
                                                                            col: 54,
                                                                        },
                                                                    },
                                                                },
                                                            },
                                                            span: SourceSpan {
                                                                start: SourcePos {
                                                                    line: 6,
                                                                    col: 3,
                                                                },
                                                                end: SourcePos {
                                                                    line: 89,
                                                                    col: 54,
                                                                },
                                                            },
                                                        },
                                                        right: AnnProc {
                                                            proc: MethodSend {
                                                                channel: NameVar(
                                                                    Id(
                                                                        Id {
                                                                            name: "Treasury",
                                                                            pos: SourcePos {
                                                                                line: 93,
                                                                                col: 3,
                                                                            },
                                                                        },
                                                                    ),
                                                                ),
                                                                send_type: Single,
                                                                method_name: Id {
                                                                    name: "createProposal",
                                                                    pos: SourcePos {
                                                                        line: 93,
                                                                        col: 12,
                                                                    },
                                                                },
                                                                inputs: [
                                                                    AnnProc {
                                                                        proc: StringLiteral(
                                                                            "Alice",
                                                                        ),
                                                                        span: SourceSpan {
                                                                            start: SourcePos {
                                                                                line: 93,
                                                                                col: 27,
                                                                            },
                                                                            end: SourcePos {
                                                                                line: 93,
                                                                                col: 34,
                                                                            },
                                                                        },
                                                                    },
                                                                    AnnProc {
                                                                        proc: LongLiteral(
                                                                            100,
                                                                        ),
                                                                        span: SourceSpan {
                                                                            start: SourcePos {
                                                                                line: 93,
                                                                                col: 36,
                                                                            },
                                                                            end: SourcePos {
                                                                                line: 93,
                                                                                col: 39,
                                                                            },
                                                                        },
                                                                    },
                                                                    AnnProc {
                                                                        proc: StringLiteral(
                                                                            "Dave",
                                                                        ),
                                                                        span: SourceSpan {
                                                                            start: SourcePos {
                                                                                line: 93,
                                                                                col: 41,
                                                                            },
                                                                            end: SourcePos {
                                                                                line: 93,
                                                                                col: 47,
                                                                            },
                                                                        },
                                                                    },
                                                                    AnnProc {
                                                                        proc: Eval {
                                                                            name: NameVar(
                                                                                Id(
                                                                                    Id {
                                                                                        name: "stdout",
                                                                                        pos: SourcePos {
                                                                                            line: 93,
                                                                                            col: 50,
                                                                                        },
                                                                                    },
                                                                                ),
                                                                            ),
                                                                        },
                                                                        span: SourceSpan {
                                                                            start: SourcePos {
                                                                                line: 93,
                                                                                col: 49,
                                                                            },
                                                                            end: SourcePos {
                                                                                line: 93,
                                                                                col: 56,
                                                                            },
                                                                        },
                                                                    },
                                                                ],
                                                            },
                                                            span: SourceSpan {
                                                                start: SourcePos {
                                                                    line: 93,
                                                                    col: 3,
                                                                },
                                                                end: SourcePos {
                                                                    line: 93,
                                                                    col: 57,
                                                                },
                                                            },
                                                        },
                                                    },
                                                    span: SourceSpan {
                                                        start: SourcePos {
                                                            line: 6,
                                                            col: 3,
                                                        },
                                                        end: SourcePos {
                                                            line: 93,
                                                            col: 57,
                                                        },
                                                    },
                                                },
                                                right: AnnProc {
                                                    proc: MethodSend {
                                                        channel: NameVar(
                                                            Id(
                                                                Id {
                                                                    name: "Treasury",
                                                                    pos: SourcePos {
                                                                        line: 96,
                                                                        col: 3,
                                                                    },
                                                                },
                                                            ),
                                                        ),
                                                        send_type: Single,
                                                        method_name: Id {
                                                            name: "approveProposal",
                                                            pos: SourcePos {
                                                                line: 96,
                                                                col: 12,
                                                            },
                                                        },
                                                        inputs: [
                                                            AnnProc {
                                                                proc: StringLiteral(
                                                                    "Bob",
                                                                ),
                                                                span: SourceSpan {
                                                                    start: SourcePos {
                                                                        line: 96,
                                                                        col: 28,
                                                                    },
                                                                    end: SourcePos {
                                                                        line: 96,
                                                                        col: 33,
                                                                    },
                                                                },
                                                            },
                                                            AnnProc {
                                                                proc: LongLiteral(
                                                                    0,
                                                                ),
                                                                span: SourceSpan {
                                                                    start: SourcePos {
                                                                        line: 96,
                                                                        col: 35,
                                                                    },
                                                                    end: SourcePos {
                                                                        line: 96,
                                                                        col: 36,
                                                                    },
                                                                },
                                                            },
                                                            AnnProc {
                                                                proc: Eval {
                                                                    name: NameVar(
                                                                        Id(
                                                                            Id {
                                                                                name: "stdout",
                                                                                pos: SourcePos {
                                                                                    line: 96,
                                                                                    col: 39,
                                                                                },
                                                                            },
                                                                        ),
                                                                    ),
                                                                },
                                                                span: SourceSpan {
                                                                    start: SourcePos {
                                                                        line: 96,
                                                                        col: 38,
                                                                    },
                                                                    end: SourcePos {
                                                                        line: 96,
                                                                        col: 45,
                                                                    },
                                                                },
                                                            },
                                                        ],
                                                    },
                                                    span: SourceSpan {
                                                        start: SourcePos {
                                                            line: 96,
                                                            col: 3,
                                                        },
                                                        end: SourcePos {
                                                            line: 96,
                                                            col: 46,
                                                        },
                                                    },
                                                },
                                            },
                                            span: SourceSpan {
                                                start: SourcePos {
                                                    line: 6,
                                                    col: 3,
                                                },
                                                end: SourcePos {
                                                    line: 96,
                                                    col: 46,
                                                },
                                            },
                                        },
                                        right: AnnProc {
                                            proc: MethodSend {
                                                channel: NameVar(
                                                    Id(
                                                        Id {
                                                            name: "Treasury",
                                                            pos: SourcePos {
                                                                line: 99,
                                                                col: 3,
                                                            },
                                                        },
                                                    ),
                                                ),
                                                send_type: Single,
                                                method_name: Id {
                                                    name: "executeProposal",
                                                    pos: SourcePos {
                                                        line: 99,
                                                        col: 12,
                                                    },
                                                },
                                                inputs: [
                                                    AnnProc {
                                                        proc: LongLiteral(
                                                            0,
                                                        ),
                                                        span: SourceSpan {
                                                            start: SourcePos {
                                                                line: 99,
                                                                col: 28,
                                                            },
                                                            end: SourcePos {
                                                                line: 99,
                                                                col: 29,
                                                            },
                                                        },
                                                    },
                                                    AnnProc {
                                                        proc: Eval {
                                                            name: NameVar(
                                                                Id(
                                                                    Id {
                                                                        name: "stdout",
                                                                        pos: SourcePos {
                                                                            line: 99,
                                                                            col: 32,
                                                                        },
                                                                    },
                                                                ),
                                                            ),
                                                        },
                                                        span: SourceSpan {
                                                            start: SourcePos {
                                                                line: 99,
                                                                col: 31,
                                                            },
                                                            end: SourcePos {
                                                                line: 99,
                                                                col: 38,
                                                            },
                                                        },
                                                    },
                                                ],
                                            },
                                            span: SourceSpan {
                                                start: SourcePos {
                                                    line: 99,
                                                    col: 3,
                                                },
                                                end: SourcePos {
                                                    line: 99,
                                                    col: 39,
                                                },
                                            },
                                        },
                                    },
                                    span: SourceSpan {
                                        start: SourcePos {
                                            line: 6,
                                            col: 3,
                                        },
                                        end: SourcePos {
                                            line: 99,
                                            col: 39,
                                        },
                                    },
                                },
                                right: AnnProc {
                                    proc: MethodSend {
                                        channel: NameVar(
                                            Id(
                                                Id {
                                                    name: "Treasury",
                                                    pos: SourcePos {
                                                        line: 102,
                                                        col: 3,
                                                    },
                                                },
                                            ),
                                        ),
                                        send_type: Single,
                                        method_name: Id {
                                            name: "getBalance",
                                            pos: SourcePos {
                                                line: 102,
                                                col: 12,
                                            },
                                        },
                                        inputs: [
                                            AnnProc {
                                                proc: Eval {
                                                    name: NameVar(
                                                        Id(
                                                            Id {
                                                                name: "stdout",
                                                                pos: SourcePos {
                                                                    line: 102,
                                                                    col: 24,
                                                                },
                                                            },
                                                        ),
                                                    ),
                                                },
                                                span: SourceSpan {
                                                    start: SourcePos {
                                                        line: 102,
                                                        col: 23,
                                                    },
                                                    end: SourcePos {
                                                        line: 102,
                                                        col: 30,
                                                    },
                                                },
                                            },
                                        ],
                                    },
                                    span: SourceSpan {
                                        start: SourcePos {
                                            line: 102,
                                            col: 3,
                                        },
                                        end: SourcePos {
                                            line: 102,
                                            col: 31,
                                        },
                                    },
                                },
                            },
                            span: SourceSpan {
                                start: SourcePos {
                                    line: 6,
                                    col: 3,
                                },
                                end: SourcePos {
                                    line: 102,
                                    col: 31,
                                },
                            },
                        },
                    },
                    span: SourceSpan {
                        start: SourcePos {
                            line: 1,
                            col: 1,
                        },
                        end: SourcePos {
                            line: 103,
                            col: 2,
                        },
                    },
                },
            ),
            errors: [
                AnnParsingError {
                    error: Unexpected(
                        '$',
                    ),
                    span: SourceSpan {
                        start: SourcePos {
                            line: 88,
                            col: 12,
                        },
                        end: SourcePos {
                            line: 88,
                            col: 24,
                        },
                    },
                    byte_range: 3334..3346,
                },
            ],
        },
    ],
)
