---
source: rholang-parser/tests/golden.rs
assertion_line: 23
expression: result
---
Good(
    [
        AnnProc {
            proc: New {
                decls: [
                    NameDecl {
                        id: Id {
                            name: "Foo",
                            pos: SourcePos {
                                line: 5,
                                col: 5,
                            },
                        },
                        uri: None,
                    },
                    NameDecl {
                        id: Id {
                            name: "stateToken",
                            pos: SourcePos {
                                line: 5,
                                col: 10,
                            },
                        },
                        uri: None,
                    },
                ],
                proc: AnnProc {
                    proc: ForComprehension {
                        receipts: [
                            Receipt {
                                binds: [
                                    Repeated {
                                        lhs: Names {
                                            names: [
                                                NameVar(
                                                    Id(
                                                        Id {
                                                            name: "__r",
                                                            pos: SourcePos {
                                                                line: 6,
                                                                col: 3,
                                                            },
                                                        },
                                                    ),
                                                ),
                                                Quote(
                                                    AnnProc {
                                                        proc: ProcVar(
                                                            Id(
                                                                Id {
                                                                    name: "x",
                                                                    pos: SourcePos {
                                                                        line: 7,
                                                                        col: 18,
                                                                    },
                                                                },
                                                            ),
                                                        ),
                                                        span: SourceSpan {
                                                            start: SourcePos {
                                                                line: 7,
                                                                col: 18,
                                                            },
                                                            end: SourcePos {
                                                                line: 7,
                                                                col: 19,
                                                            },
                                                        },
                                                    },
                                                ),
                                            ],
                                            remainder: None,
                                        },
                                        rhs: NameVar(
                                            Id(
                                                Id {
                                                    name: "Foo",
                                                    pos: SourcePos {
                                                        line: 6,
                                                        col: 9,
                                                    },
                                                },
                                            ),
                                        ),
                                    },
                                ],
                                guard: None,
                            },
                        ],
                        proc: AnnProc {
                            proc: New {
                                decls: [
                                    NameDecl {
                                        id: Id {
                                            name: "this",
                                            pos: SourcePos {
                                                line: 6,
                                                col: 3,
                                            },
                                        },
                                        uri: None,
                                    },
                                    NameDecl {
                                        id: Id {
                                            name: "private",
                                            pos: SourcePos {
                                                line: 6,
                                                col: 3,
                                            },
                                        },
                                        uri: None,
                                    },
                                ],
                                proc: AnnProc {
                                    proc: Par {
                                        left: AnnProc {
                                            proc: Par {
                                                left: AnnProc {
                                                    proc: ForComprehension {
                                                        receipts: [
                                                            Receipt {
                                                                binds: [
                                                                    Repeated {
                                                                        lhs: Names {
                                                                            names: [],
                                                                            remainder: Some(
                                                                                Id(
                                                                                    Id {
                                                                                        name: "args",
                                                                                        pos: SourcePos {
                                                                                            line: 6,
                                                                                            col: 3,
                                                                                        },
                                                                                    },
                                                                                ),
                                                                            ),
                                                                        },
                                                                        rhs: NameVar(
                                                                            Id(
                                                                                Id {
                                                                                    name: "this",
                                                                                    pos: SourcePos {
                                                                                        line: 6,
                                                                                        col: 3,
                                                                                    },
                                                                                },
                                                                            ),
                                                                        ),
                                                                    },
                                                                ],
                                                                guard: None,
                                                            },
                                                        ],
                                                        proc: AnnProc {
                                                            proc: Match {
                                                                expression: AnnProc {
                                                                    proc: ProcVar(
                                                                        Id(
                                                                            Id {
                                                                                name: "args",
                                                                                pos: SourcePos {
                                                                                    line: 6,
                                                                                    col: 3,
                                                                                },
                                                                            },
                                                                        ),
                                                                    ),
                                                                    span: SourceSpan {
                                                                        start: SourcePos {
                                                                            line: 6,
                                                                            col: 3,
                                                                        },
                                                                        end: SourcePos {
                                                                            line: 16,
                                                                            col: 4,
                                                                        },
                                                                    },
                                                                },
                                                                cases: [
                                                                    Case {
                                                                        pattern: AnnProc {
                                                                            proc: Collection(
                                                                                List {
                                                                                    elements: [
                                                                                        AnnProc {
                                                                                            proc: Eval {
                                                                                                name: NameVar(
                                                                                                    Id(
                                                                                                        Id {
                                                                                                            name: "return",
                                                                                                            pos: SourcePos {
                                                                                                                line: 6,
                                                                                                                col: 3,
                                                                                                            },
                                                                                                        },
                                                                                                    ),
                                                                                                ),
                                                                                            },
                                                                                            span: SourceSpan {
                                                                                                start: SourcePos {
                                                                                                    line: 6,
                                                                                                    col: 3,
                                                                                                },
                                                                                                end: SourcePos {
                                                                                                    line: 16,
                                                                                                    col: 4,
                                                                                                },
                                                                                            },
                                                                                        },
                                                                                        AnnProc {
                                                                                            proc: StringLiteral(
                                                                                                "get",
                                                                                            ),
                                                                                            span: SourceSpan {
                                                                                                start: SourcePos {
                                                                                                    line: 6,
                                                                                                    col: 3,
                                                                                                },
                                                                                                end: SourcePos {
                                                                                                    line: 16,
                                                                                                    col: 4,
                                                                                                },
                                                                                            },
                                                                                        },
                                                                                    ],
                                                                                    remainder: None,
                                                                                },
                                                                            ),
                                                                            span: SourceSpan {
                                                                                start: SourcePos {
                                                                                    line: 6,
                                                                                    col: 3,
                                                                                },
                                                                                end: SourcePos {
                                                                                    line: 16,
                                                                                    col: 4,
                                                                                },
                                                                            },
                                                                        },
                                                                        guard: None,
                                                                        proc: AnnProc {
                                                                            proc: ForComprehension {
                                                                                receipts: [
                                                                                    Receipt {
                                                                                        binds: [
                                                                                            Peek {
                                                                                                lhs: Names {
                                                                                                    names: [
                                                                                                        Quote(
                                                                                                            AnnProc {
                                                                                                                proc: ProcVar(
                                                                                                                    Id(
                                                                                                                        Id {
                                                                                                                            name: "state",
                                                                                                                            pos: SourcePos {
                                                                                                                                line: 11,
                                                                                                                                col: 13,
                                                                                                                            },
                                                                                                                        },
                                                                                                                    ),
                                                                                                                ),
                                                                                                                span: SourceSpan {
                                                                                                                    start: SourcePos {
                                                                                                                        line: 11,
                                                                                                                        col: 13,
                                                                                                                    },
                                                                                                                    end: SourcePos {
                                                                                                                        line: 11,
                                                                                                                        col: 18,
                                                                                                                    },
                                                                                                                },
                                                                                                            },
                                                                                                        ),
                                                                                                    ],
                                                                                                    remainder: None,
                                                                                                },
                                                                                                rhs: Quote(
                                                                                                    AnnProc {
                                                                                                        proc: Collection(
                                                                                                            List {
                                                                                                                elements: [
                                                                                                                    AnnProc {
                                                                                                                        proc: Eval {
                                                                                                                            name: NameVar(
                                                                                                                                Id(
                                                                                                                                    Id {
                                                                                                                                        name: "private",
                                                                                                                                        pos: SourcePos {
                                                                                                                                            line: 11,
                                                                                                                                            col: 26,
                                                                                                                                        },
                                                                                                                                    },
                                                                                                                                ),
                                                                                                                            ),
                                                                                                                        },
                                                                                                                        span: SourceSpan {
                                                                                                                            start: SourcePos {
                                                                                                                                line: 11,
                                                                                                                                col: 25,
                                                                                                                            },
                                                                                                                            end: SourcePos {
                                                                                                                                line: 11,
                                                                                                                                col: 33,
                                                                                                                            },
                                                                                                                        },
                                                                                                                    },
                                                                                                                    AnnProc {
                                                                                                                        proc: Eval {
                                                                                                                            name: NameVar(
                                                                                                                                Id(
                                                                                                                                    Id {
                                                                                                                                        name: "stateToken",
                                                                                                                                        pos: SourcePos {
                                                                                                                                            line: 11,
                                                                                                                                            col: 36,
                                                                                                                                        },
                                                                                                                                    },
                                                                                                                                ),
                                                                                                                            ),
                                                                                                                        },
                                                                                                                        span: SourceSpan {
                                                                                                                            start: SourcePos {
                                                                                                                                line: 11,
                                                                                                                                col: 35,
                                                                                                                            },
                                                                                                                            end: SourcePos {
                                                                                                                                line: 11,
                                                                                                                                col: 46,
                                                                                                                            },
                                                                                                                        },
                                                                                                                    },
                                                                                                                ],
                                                                                                                remainder: None,
                                                                                                            },
                                                                                                        ),
                                                                                                        span: SourceSpan {
                                                                                                            start: SourcePos {
                                                                                                                line: 11,
                                                                                                                col: 24,
                                                                                                            },
                                                                                                            end: SourcePos {
                                                                                                                line: 11,
                                                                                                                col: 47,
                                                                                                            },
                                                                                                        },
                                                                                                    },
                                                                                                ),
                                                                                            },
                                                                                        ],
                                                                                        guard: None,
                                                                                    },
                                                                                ],
                                                                                proc: AnnProc {
                                                                                    proc: Send {
                                                                                        channel: NameVar(
                                                                                            Id(
                                                                                                Id {
                                                                                                    name: "return",
                                                                                                    pos: SourcePos {
                                                                                                        line: 12,
                                                                                                        col: 9,
                                                                                                    },
                                                                                                },
                                                                                            ),
                                                                                        ),
                                                                                        send_type: Single,
                                                                                        inputs: [
                                                                                            AnnProc {
                                                                                                proc: ProcVar(
                                                                                                    Id(
                                                                                                        Id {
                                                                                                            name: "state",
                                                                                                            pos: SourcePos {
                                                                                                                line: 12,
                                                                                                                col: 17,
                                                                                                            },
                                                                                                        },
                                                                                                    ),
                                                                                                ),
                                                                                                span: SourceSpan {
                                                                                                    start: SourcePos {
                                                                                                        line: 12,
                                                                                                        col: 17,
                                                                                                    },
                                                                                                    end: SourcePos {
                                                                                                        line: 12,
                                                                                                        col: 22,
                                                                                                    },
                                                                                                },
                                                                                            },
                                                                                        ],
                                                                                    },
                                                                                    span: SourceSpan {
                                                                                        start: SourcePos {
                                                                                            line: 12,
                                                                                            col: 9,
                                                                                        },
                                                                                        end: SourcePos {
                                                                                            line: 12,
                                                                                            col: 23,
                                                                                        },
                                                                                    },
                                                                                },
                                                                            },
                                                                            span: SourceSpan {
                                                                                start: SourcePos {
                                                                                    line: 11,
                                                                                    col: 7,
                                                                                },
                                                                                end: SourcePos {
                                                                                    line: 13,
                                                                                    col: 8,
                                                                                },
                                                                            },
                                                                        },
                                                                    },
                                                                    Case {
                                                                        pattern: AnnProc {
                                                                            proc: ProcVar(
                                                                                Wildcard,
                                                                            ),
                                                                            span: SourceSpan {
                                                                                start: SourcePos {
                                                                                    line: 6,
                                                                                    col: 3,
                                                                                },
                                                                                end: SourcePos {
                                                                                    line: 16,
                                                                                    col: 4,
                                                                                },
                                                                            },
                                                                        },
                                                                        guard: None,
                                                                        proc: AnnProc {
                                                                            proc: Nil,
                                                                            span: SourceSpan {
                                                                                start: SourcePos {
                                                                                    line: 15,
                                                                                    col: 25,
                                                                                },
                                                                                end: SourcePos {
                                                                                    line: 15,
                                                                                    col: 28,
                                                                                },
                                                                            },
                                                                        },
                                                                    },
                                                                ],
                                                            },
                                                            span: SourceSpan {
                                                                start: SourcePos {
                                                                    line: 6,
                                                                    col: 3,
                                                                },
                                                                end: SourcePos {
                                                                    line: 16,
                                                                    col: 4,
                                                                },
                                                            },
                                                        },
                                                    },
                                                    span: SourceSpan {
                                                        start: SourcePos {
                                                            line: 6,
                                                            col: 3,
                                                        },
                                                        end: SourcePos {
                                                            line: 16,
                                                            col: 4,
                                                        },
                                                    },
                                                },
                                                right: AnnProc {
                                                    proc: Send {
                                                        channel: Quote(
                                                            AnnProc {
                                                                proc: Collection(
                                                                    List {
                                                                        elements: [
                                                                            AnnProc {
                                                                                proc: Eval {
                                                                                    name: NameVar(
                                                                                        Id(
                                                                                            Id {
                                                                                                name: "private",
                                                                                                pos: SourcePos {
                                                                                                    line: 8,
                                                                                                    col: 10,
                                                                                                },
                                                                                            },
                                                                                        ),
                                                                                    ),
                                                                                },
                                                                                span: SourceSpan {
                                                                                    start: SourcePos {
                                                                                        line: 8,
                                                                                        col: 9,
                                                                                    },
                                                                                    end: SourcePos {
                                                                                        line: 8,
                                                                                        col: 17,
                                                                                    },
                                                                                },
                                                                            },
                                                                            AnnProc {
                                                                                proc: Eval {
                                                                                    name: NameVar(
                                                                                        Id(
                                                                                            Id {
                                                                                                name: "stateToken",
                                                                                                pos: SourcePos {
                                                                                                    line: 8,
                                                                                                    col: 20,
                                                                                                },
                                                                                            },
                                                                                        ),
                                                                                    ),
                                                                                },
                                                                                span: SourceSpan {
                                                                                    start: SourcePos {
                                                                                        line: 8,
                                                                                        col: 19,
                                                                                    },
                                                                                    end: SourcePos {
                                                                                        line: 8,
                                                                                        col: 30,
                                                                                    },
                                                                                },
                                                                            },
                                                                        ],
                                                                        remainder: None,
                                                                    },
                                                                ),
                                                                span: SourceSpan {
                                                                    start: SourcePos {
                                                                        line: 8,
                                                                        col: 8,
                                                                    },
                                                                    end: SourcePos {
                                                                        line: 8,
                                                                        col: 31,
                                                                    },
                                                                },
                                                            },
                                                        ),
                                                        send_type: Single,
                                                        inputs: [
                                                            AnnProc {
                                                                proc: ProcVar(
                                                                    Id(
                                                                        Id {
                                                                            name: "x",
                                                                            pos: SourcePos {
                                                                                line: 8,
                                                                                col: 33,
                                                                            },
                                                                        },
                                                                    ),
                                                                ),
                                                                span: SourceSpan {
                                                                    start: SourcePos {
                                                                        line: 8,
                                                                        col: 33,
                                                                    },
                                                                    end: SourcePos {
                                                                        line: 8,
                                                                        col: 34,
                                                                    },
                                                                },
                                                            },
                                                        ],
                                                    },
                                                    span: SourceSpan {
                                                        start: SourcePos {
                                                            line: 8,
                                                            col: 7,
                                                        },
                                                        end: SourcePos {
                                                            line: 8,
                                                            col: 35,
                                                        },
                                                    },
                                                },
                                            },
                                            span: SourceSpan {
                                                start: SourcePos {
                                                    line: 6,
                                                    col: 3,
                                                },
                                                end: SourcePos {
                                                    line: 16,
                                                    col: 4,
                                                },
                                            },
                                        },
                                        right: AnnProc {
                                            proc: Send {
                                                channel: NameVar(
                                                    Id(
                                                        Id {
                                                            name: "__r",
                                                            pos: SourcePos {
                                                                line: 6,
                                                                col: 3,
                                                            },
                                                        },
                                                    ),
                                                ),
                                                send_type: Single,
                                                inputs: [
                                                    AnnProc {
                                                        proc: Bundle {
                                                            bundle_type: BundleWrite,
                                                            proc: AnnProc {
                                                                proc: Eval {
                                                                    name: NameVar(
                                                                        Id(
                                                                            Id {
                                                                                name: "this",
                                                                                pos: SourcePos {
                                                                                    line: 6,
                                                                                    col: 3,
                                                                                },
                                                                            },
                                                                        ),
                                                                    ),
                                                                },
                                                                span: SourceSpan {
                                                                    start: SourcePos {
                                                                        line: 6,
                                                                        col: 3,
                                                                    },
                                                                    end: SourcePos {
                                                                        line: 16,
                                                                        col: 4,
                                                                    },
                                                                },
                                                            },
                                                        },
                                                        span: SourceSpan {
                                                            start: SourcePos {
                                                                line: 6,
                                                                col: 3,
                                                            },
                                                            end: SourcePos {
                                                                line: 16,
                                                                col: 4,
                                                            },
                                                        },
                                                    },
                                                ],
                                            },
                                            span: SourceSpan {
                                                start: SourcePos {
                                                    line: 6,
                                                    col: 3,
                                                },
                                                end: SourcePos {
                                                    line: 16,
                                                    col: 4,
                                                },
                                            },
                                        },
                                    },
                                    span: SourceSpan {
                                        start: SourcePos {
                                            line: 6,
                                            col: 3,
                                        },
                                        end: SourcePos {
                                            line: 16,
                                            col: 4,
                                        },
                                    },
                                },
                            },
                            span: SourceSpan {
                                start: SourcePos {
                                    line: 6,
                                    col: 3,
                                },
                                end: SourcePos {
                                    line: 16,
                                    col: 4,
                                },
                            },
                        },
                    },
                    span: SourceSpan {
                        start: SourcePos {
                            line: 6,
                            col: 3,
                        },
                        end: SourcePos {
                            line: 16,
                            col: 4,
                        },
                    },
                },
            },
            span: SourceSpan {
                start: SourcePos {
                    line: 5,
                    col: 1,
                },
                end: SourcePos {
                    line: 17,
                    col: 2,
                },
            },
        },
    ],
)
