---
source: rholang-shell/tests/golden_shell.rs
expression: output
---
Good(
    [
        AnnProc {
            proc: Contract {
                name: NameVar(
                    Id(
                        Id {
                            name: "Cell",
                            pos: SourcePos {
                                line: 6,
                                col: 10,
                            },
                        },
                    ),
                ),
                formals: Names {
                    names: [
                        NameVar(
                            Id(
                                Id {
                                    name: "get",
                                    pos: SourcePos {
                                        line: 6,
                                        col: 16,
                                    },
                                },
                            ),
                        ),
                        NameVar(
                            Id(
                                Id {
                                    name: "set",
                                    pos: SourcePos {
                                        line: 6,
                                        col: 21,
                                    },
                                },
                            ),
                        ),
                        NameVar(
                            Id(
                                Id {
                                    name: "state",
                                    pos: SourcePos {
                                        line: 6,
                                        col: 26,
                                    },
                                },
                            ),
                        ),
                    ],
                    remainder: None,
                },
                body: AnnProc {
                    proc: Par {
                        left: AnnProc {
                            proc: ForComprehension {
                                receipts: [
                                    [
                                        Linear {
                                            lhs: Names {
                                                names: [
                                                    NameVar(
                                                        Id(
                                                            Id {
                                                                name: "rtn",
                                                                pos: SourcePos {
                                                                    line: 7,
                                                                    col: 8,
                                                                },
                                                            },
                                                        ),
                                                    ),
                                                ],
                                                remainder: None,
                                            },
                                            rhs: Simple {
                                                name: NameVar(
                                                    Id(
                                                        Id {
                                                            name: "get",
                                                            pos: SourcePos {
                                                                line: 7,
                                                                col: 15,
                                                            },
                                                        },
                                                    ),
                                                ),
                                            },
                                        },
                                    ],
                                    [
                                        Linear {
                                            lhs: Names {
                                                names: [
                                                    NameVar(
                                                        Id(
                                                            Id {
                                                                name: "v",
                                                                pos: SourcePos {
                                                                    line: 7,
                                                                    col: 20,
                                                                },
                                                            },
                                                        ),
                                                    ),
                                                ],
                                                remainder: None,
                                            },
                                            rhs: Simple {
                                                name: NameVar(
                                                    Id(
                                                        Id {
                                                            name: "state",
                                                            pos: SourcePos {
                                                                line: 7,
                                                                col: 25,
                                                            },
                                                        },
                                                    ),
                                                ),
                                            },
                                        },
                                    ],
                                ],
                                proc: AnnProc {
                                    proc: Par {
                                        left: AnnProc {
                                            proc: Par {
                                                left: AnnProc {
                                                    proc: Send {
                                                        channel: NameVar(
                                                            Id(
                                                                Id {
                                                                    name: "rtn",
                                                                    pos: SourcePos {
                                                                        line: 8,
                                                                        col: 7,
                                                                    },
                                                                },
                                                            ),
                                                        ),
                                                        send_type: Single,
                                                        inputs: [
                                                            AnnProc {
                                                                proc: ProcVar(
                                                                    Id(
                                                                        Id {
                                                                            name: "v",
                                                                            pos: SourcePos {
                                                                                line: 8,
                                                                                col: 13,
                                                                            },
                                                                        },
                                                                    ),
                                                                ),
                                                                span: SourceSpan {
                                                                    start: SourcePos {
                                                                        line: 8,
                                                                        col: 13,
                                                                    },
                                                                    end: SourcePos {
                                                                        line: 8,
                                                                        col: 14,
                                                                    },
                                                                },
                                                            },
                                                        ],
                                                    },
                                                    span: SourceSpan {
                                                        start: SourcePos {
                                                            line: 8,
                                                            col: 7,
                                                        },
                                                        end: SourcePos {
                                                            line: 8,
                                                            col: 16,
                                                        },
                                                    },
                                                },
                                                right: AnnProc {
                                                    proc: Send {
                                                        channel: NameVar(
                                                            Id(
                                                                Id {
                                                                    name: "state",
                                                                    pos: SourcePos {
                                                                        line: 8,
                                                                        col: 19,
                                                                    },
                                                                },
                                                            ),
                                                        ),
                                                        send_type: Single,
                                                        inputs: [
                                                            AnnProc {
                                                                proc: ProcVar(
                                                                    Id(
                                                                        Id {
                                                                            name: "v",
                                                                            pos: SourcePos {
                                                                                line: 8,
                                                                                col: 27,
                                                                            },
                                                                        },
                                                                    ),
                                                                ),
                                                                span: SourceSpan {
                                                                    start: SourcePos {
                                                                        line: 8,
                                                                        col: 27,
                                                                    },
                                                                    end: SourcePos {
                                                                        line: 8,
                                                                        col: 28,
                                                                    },
                                                                },
                                                            },
                                                        ],
                                                    },
                                                    span: SourceSpan {
                                                        start: SourcePos {
                                                            line: 8,
                                                            col: 19,
                                                        },
                                                        end: SourcePos {
                                                            line: 8,
                                                            col: 30,
                                                        },
                                                    },
                                                },
                                            },
                                            span: SourceSpan {
                                                start: SourcePos {
                                                    line: 8,
                                                    col: 7,
                                                },
                                                end: SourcePos {
                                                    line: 8,
                                                    col: 30,
                                                },
                                            },
                                        },
                                        right: AnnProc {
                                            proc: Send {
                                                channel: NameVar(
                                                    Id(
                                                        Id {
                                                            name: "Cell",
                                                            pos: SourcePos {
                                                                line: 8,
                                                                col: 33,
                                                            },
                                                        },
                                                    ),
                                                ),
                                                send_type: Single,
                                                inputs: [
                                                    AnnProc {
                                                        proc: ProcVar(
                                                            Id(
                                                                Id {
                                                                    name: "get",
                                                                    pos: SourcePos {
                                                                        line: 8,
                                                                        col: 40,
                                                                    },
                                                                },
                                                            ),
                                                        ),
                                                        span: SourceSpan {
                                                            start: SourcePos {
                                                                line: 8,
                                                                col: 40,
                                                            },
                                                            end: SourcePos {
                                                                line: 8,
                                                                col: 43,
                                                            },
                                                        },
                                                    },
                                                    AnnProc {
                                                        proc: ProcVar(
                                                            Id(
                                                                Id {
                                                                    name: "set",
                                                                    pos: SourcePos {
                                                                        line: 8,
                                                                        col: 45,
                                                                    },
                                                                },
                                                            ),
                                                        ),
                                                        span: SourceSpan {
                                                            start: SourcePos {
                                                                line: 8,
                                                                col: 45,
                                                            },
                                                            end: SourcePos {
                                                                line: 8,
                                                                col: 48,
                                                            },
                                                        },
                                                    },
                                                    AnnProc {
                                                        proc: ProcVar(
                                                            Id(
                                                                Id {
                                                                    name: "state",
                                                                    pos: SourcePos {
                                                                        line: 8,
                                                                        col: 50,
                                                                    },
                                                                },
                                                            ),
                                                        ),
                                                        span: SourceSpan {
                                                            start: SourcePos {
                                                                line: 8,
                                                                col: 50,
                                                            },
                                                            end: SourcePos {
                                                                line: 8,
                                                                col: 55,
                                                            },
                                                        },
                                                    },
                                                ],
                                            },
                                            span: SourceSpan {
                                                start: SourcePos {
                                                    line: 8,
                                                    col: 33,
                                                },
                                                end: SourcePos {
                                                    line: 8,
                                                    col: 57,
                                                },
                                            },
                                        },
                                    },
                                    span: SourceSpan {
                                        start: SourcePos {
                                            line: 8,
                                            col: 7,
                                        },
                                        end: SourcePos {
                                            line: 8,
                                            col: 57,
                                        },
                                    },
                                },
                            },
                            span: SourceSpan {
                                start: SourcePos {
                                    line: 7,
                                    col: 3,
                                },
                                end: SourcePos {
                                    line: 9,
                                    col: 4,
                                },
                            },
                        },
                        right: AnnProc {
                            proc: ForComprehension {
                                receipts: [
                                    [
                                        Linear {
                                            lhs: Names {
                                                names: [
                                                    NameVar(
                                                        Id(
                                                            Id {
                                                                name: "newValue",
                                                                pos: SourcePos {
                                                                    line: 10,
                                                                    col: 8,
                                                                },
                                                            },
                                                        ),
                                                    ),
                                                ],
                                                remainder: None,
                                            },
                                            rhs: Simple {
                                                name: NameVar(
                                                    Id(
                                                        Id {
                                                            name: "set",
                                                            pos: SourcePos {
                                                                line: 10,
                                                                col: 20,
                                                            },
                                                        },
                                                    ),
                                                ),
                                            },
                                        },
                                    ],
                                    [
                                        Linear {
                                            lhs: Names {
                                                names: [
                                                    NameVar(
                                                        Id(
                                                            Id {
                                                                name: "v",
                                                                pos: SourcePos {
                                                                    line: 10,
                                                                    col: 25,
                                                                },
                                                            },
                                                        ),
                                                    ),
                                                ],
                                                remainder: None,
                                            },
                                            rhs: Simple {
                                                name: NameVar(
                                                    Id(
                                                        Id {
                                                            name: "state",
                                                            pos: SourcePos {
                                                                line: 10,
                                                                col: 30,
                                                            },
                                                        },
                                                    ),
                                                ),
                                            },
                                        },
                                    ],
                                ],
                                proc: AnnProc {
                                    proc: Par {
                                        left: AnnProc {
                                            proc: Send {
                                                channel: NameVar(
                                                    Id(
                                                        Id {
                                                            name: "state",
                                                            pos: SourcePos {
                                                                line: 11,
                                                                col: 7,
                                                            },
                                                        },
                                                    ),
                                                ),
                                                send_type: Single,
                                                inputs: [
                                                    AnnProc {
                                                        proc: ProcVar(
                                                            Id(
                                                                Id {
                                                                    name: "newValue",
                                                                    pos: SourcePos {
                                                                        line: 11,
                                                                        col: 15,
                                                                    },
                                                                },
                                                            ),
                                                        ),
                                                        span: SourceSpan {
                                                            start: SourcePos {
                                                                line: 11,
                                                                col: 15,
                                                            },
                                                            end: SourcePos {
                                                                line: 11,
                                                                col: 23,
                                                            },
                                                        },
                                                    },
                                                ],
                                            },
                                            span: SourceSpan {
                                                start: SourcePos {
                                                    line: 11,
                                                    col: 7,
                                                },
                                                end: SourcePos {
                                                    line: 11,
                                                    col: 25,
                                                },
                                            },
                                        },
                                        right: AnnProc {
                                            proc: Send {
                                                channel: NameVar(
                                                    Id(
                                                        Id {
                                                            name: "Cell",
                                                            pos: SourcePos {
                                                                line: 11,
                                                                col: 28,
                                                            },
                                                        },
                                                    ),
                                                ),
                                                send_type: Single,
                                                inputs: [
                                                    AnnProc {
                                                        proc: ProcVar(
                                                            Id(
                                                                Id {
                                                                    name: "get",
                                                                    pos: SourcePos {
                                                                        line: 11,
                                                                        col: 35,
                                                                    },
                                                                },
                                                            ),
                                                        ),
                                                        span: SourceSpan {
                                                            start: SourcePos {
                                                                line: 11,
                                                                col: 35,
                                                            },
                                                            end: SourcePos {
                                                                line: 11,
                                                                col: 38,
                                                            },
                                                        },
                                                    },
                                                    AnnProc {
                                                        proc: ProcVar(
                                                            Id(
                                                                Id {
                                                                    name: "set",
                                                                    pos: SourcePos {
                                                                        line: 11,
                                                                        col: 40,
                                                                    },
                                                                },
                                                            ),
                                                        ),
                                                        span: SourceSpan {
                                                            start: SourcePos {
                                                                line: 11,
                                                                col: 40,
                                                            },
                                                            end: SourcePos {
                                                                line: 11,
                                                                col: 43,
                                                            },
                                                        },
                                                    },
                                                    AnnProc {
                                                        proc: ProcVar(
                                                            Id(
                                                                Id {
                                                                    name: "state",
                                                                    pos: SourcePos {
                                                                        line: 11,
                                                                        col: 45,
                                                                    },
                                                                },
                                                            ),
                                                        ),
                                                        span: SourceSpan {
                                                            start: SourcePos {
                                                                line: 11,
                                                                col: 45,
                                                            },
                                                            end: SourcePos {
                                                                line: 11,
                                                                col: 50,
                                                            },
                                                        },
                                                    },
                                                ],
                                            },
                                            span: SourceSpan {
                                                start: SourcePos {
                                                    line: 11,
                                                    col: 28,
                                                },
                                                end: SourcePos {
                                                    line: 11,
                                                    col: 52,
                                                },
                                            },
                                        },
                                    },
                                    span: SourceSpan {
                                        start: SourcePos {
                                            line: 11,
                                            col: 7,
                                        },
                                        end: SourcePos {
                                            line: 11,
                                            col: 52,
                                        },
                                    },
                                },
                            },
                            span: SourceSpan {
                                start: SourcePos {
                                    line: 10,
                                    col: 3,
                                },
                                end: SourcePos {
                                    line: 12,
                                    col: 4,
                                },
                            },
                        },
                    },
                    span: SourceSpan {
                        start: SourcePos {
                            line: 7,
                            col: 3,
                        },
                        end: SourcePos {
                            line: 12,
                            col: 4,
                        },
                    },
                },
            },
            span: SourceSpan {
                start: SourcePos {
                    line: 6,
                    col: 1,
                },
                end: SourcePos {
                    line: 13,
                    col: 2,
                },
            },
        },
    ],
)
